info: Microsoft.EntityFrameworkCore.Database.Command[20101]
      Executed DbCommand (711ms) [Parameters=[], CommandType='Text', CommandTimeout='30']
      DROP DATABASE "TuviAIManagerDB" WITH (FORCE);
info: Microsoft.EntityFrameworkCore.Database.Command[20101]
      Executed DbCommand (231ms) [Parameters=[], CommandType='Text', CommandTimeout='30']
      CREATE DATABASE "TuviAIManagerDB";
info: Microsoft.EntityFrameworkCore.Database.Command[20101]
      Executed DbCommand (66ms) [Parameters=[], CommandType='Text', CommandTimeout='30']
      CREATE TABLE "Charts" (
          "Id" integer GENERATED BY DEFAULT AS IDENTITY,
          "UserId" integer NOT NULL,
          "LaSoData" jsonb NOT NULL,
          CONSTRAINT "PK_Charts" PRIMARY KEY ("Id")
      );
info: Microsoft.EntityFrameworkCore.Database.Command[20101]
      Executed DbCommand (67ms) [Parameters=[], CommandType='Text', CommandTimeout='30']
      CREATE TABLE "Comments" (
          "Id" integer GENERATED BY DEFAULT AS IDENTITY,
          "UserId" integer NOT NULL,
          "Content" text NOT NULL,
          "IsAiGenerated" boolean NOT NULL,
          "CreatedAt" timestamp with time zone NOT NULL,
          CONSTRAINT "PK_Comments" PRIMARY KEY ("Id")
      );
info: Microsoft.EntityFrameworkCore.Database.Command[20101]
      Executed DbCommand (84ms) [Parameters=[], CommandType='Text', CommandTimeout='30']
      CREATE TABLE "Users" (
          "Id" integer GENERATED BY DEFAULT AS IDENTITY,
          "Username" text NOT NULL,
          "Role" integer NOT NULL,
          "CoinBalance" integer NOT NULL,
          CONSTRAINT "PK_Users" PRIMARY KEY ("Id")
      );
info: Microsoft.EntityFrameworkCore.Database.Command[20101]
      Executed DbCommand (2ms) [Parameters=[], CommandType='Text', CommandTimeout='30']
      INSERT INTO "Users" ("Id", "CoinBalance", "Role", "Username")
      VALUES (1, 500000, 0, 'tester_vip_001');
info: Microsoft.EntityFrameworkCore.Database.Command[20101]
      Executed DbCommand (8ms) [Parameters=[], CommandType='Text', CommandTimeout='30']
      SELECT setval(
    pg_get_serial_sequence('"Users"', 'Id'),
    GREATEST(
        (SELECT MAX("Id") FROM "Users") + 1,
        nextval(pg_get_serial_sequence('"Users"', 'Id'))),
    false);
info: Microsoft.Hosting.Lifetime[14]
      Now listening on: http://localhost:5000
info: Microsoft.Hosting.Lifetime[0]
      Application started. Press Ctrl+C to shut down.
info: Microsoft.Hosting.Lifetime[0]
      Hosting environment: Production
info: Microsoft.Hosting.Lifetime[0]
      Content root path: E:\Tu vi online\APIGateway_CS
^C